<!-- wp:table {"smartlingLockId":"xgkfr"} -->
<figure class="wp-block-table"><table><tbody><tr><td></td><td></td></tr><tr><td></td><td></td></tr></tbody></table></figure>
<!-- /wp:table -->

<!-- wp:columns {"smartlingLockId":"ixqsm"} -->
<div class="wp-block-columns"><!-- wp:column {"smartlingLockId":"ydqur","smartlingLockedAttributes":"attribute does not exist"} -->
  <div class="wp-block-column"><!-- wp:paragraph {"smartlingLockId":"apkmc","lockedAttribute1":"someValue","lockedAttribute2":"otherValue","smartlingLockedAttributes":"lockedAttribute1,lockedAttribute2"} -->
    <p>[á ~léf~t pár~ágr~áph]</p>
    <!-- /wp:paragraph --></div>
  <!-- /wp:column -->

  <!-- wp:column {"smartlingLockId":"utaeq"} -->
  <div class="wp-block-column"><!-- wp:paragraph {"smartlingLockId":"lmqoq","smartlingLocked":true} -->
    <p>a right paragraph</p>
    <!-- /wp:paragraph --></div>
  <!-- /wp:column --></div>
<!-- /wp:columns -->

<!-- wp:html {"smartlingLockId":"xvxcq"} -->
<h1>[:~)]</h1>
<!-- /wp:html -->
